------------------------------------------------------------
TimeQuest Timing Analyzer Summary
------------------------------------------------------------

Type  : Slow 1200mV 85C Model Setup 'sweetPLL_inst|altpll_component|auto_generated|pll1|clk[1]'
Slack : 31.480
TNS   : 0.000

Type  : Slow 1200mV 85C Model Hold 'sweetPLL_inst|altpll_component|auto_generated|pll1|clk[1]'
Slack : 0.448
TNS   : 0.000

Type  : Slow 1200mV 85C Model Minimum Pulse Width 'sweetPLL_inst|altpll_component|auto_generated|pll1|clk[2]'
Slack : 9.744
TNS   : 0.000

Type  : Slow 1200mV 85C Model Minimum Pulse Width 'CLOCK_50'
Slack : 9.747
TNS   : 0.000

Type  : Slow 1200mV 85C Model Minimum Pulse Width 'sweetPLL_inst|altpll_component|auto_generated|pll1|clk[1]'
Slack : 19.747
TNS   : 0.000

Type  : Slow 1200mV 0C Model Setup 'sweetPLL_inst|altpll_component|auto_generated|pll1|clk[1]'
Slack : 32.376
TNS   : 0.000

Type  : Slow 1200mV 0C Model Hold 'sweetPLL_inst|altpll_component|auto_generated|pll1|clk[1]'
Slack : 0.435
TNS   : 0.000

Type  : Slow 1200mV 0C Model Minimum Pulse Width 'CLOCK_50'
Slack : 9.709
TNS   : 0.000

Type  : Slow 1200mV 0C Model Minimum Pulse Width 'sweetPLL_inst|altpll_component|auto_generated|pll1|clk[2]'
Slack : 9.745
TNS   : 0.000

Type  : Slow 1200mV 0C Model Minimum Pulse Width 'sweetPLL_inst|altpll_component|auto_generated|pll1|clk[1]'
Slack : 19.744
TNS   : 0.000

Type  : Fast 1200mV 0C Model Setup 'sweetPLL_inst|altpll_component|auto_generated|pll1|clk[1]'
Slack : 35.101
TNS   : 0.000

Type  : Fast 1200mV 0C Model Hold 'sweetPLL_inst|altpll_component|auto_generated|pll1|clk[1]'
Slack : 0.233
TNS   : 0.000

Type  : Fast 1200mV 0C Model Minimum Pulse Width 'CLOCK_50'
Slack : 9.416
TNS   : 0.000

Type  : Fast 1200mV 0C Model Minimum Pulse Width 'sweetPLL_inst|altpll_component|auto_generated|pll1|clk[2]'
Slack : 9.751
TNS   : 0.000

Type  : Fast 1200mV 0C Model Minimum Pulse Width 'sweetPLL_inst|altpll_component|auto_generated|pll1|clk[1]'
Slack : 19.754
TNS   : 0.000

------------------------------------------------------------
